root@ZhuoTK:/# dmesg
[  788.920000] usb 1-1.3: new high-speed USB device number 4 using ehci-platform
[  789.160000] cdc_mbim 1-1.3:1.4: cdc-wdm0: USB WDM device
[  789.170000] cdc_mbim 1-1.3:1.4 wwan0: register 'cdc_mbim' at usb-101c0000.ehci-1.3, CDC MBIM, a2:58:dc:4d:dd:ca

root@ZhuoTK:/# quectel-CM -s cmnet &
[04-13_05:24:38:767] Quectel_QConnectManager_Linux_V1.6.0.25
[04-13_05:24:38:769] Find /sys/bus/usb/devices/1-1.3 idVendor=0x2c7c idProduct=0x125, bus=0x001, dev=0x004
[04-13_05:24:38:771] Auto find qmichannel = /dev/cdc-wdm0
[04-13_05:24:38:771] Auto find usbnet_adapter = wwan0
[04-13_05:24:38:771] netcard driver = cdc_mbim, driver version = 22-Aug-2005
[04-13_05:24:38:771] Modem works in MBIM mode
[04-13_05:24:38:779] cdc_wdm_fd = 7
[04-13_05:24:38:779] mbim_open_device()
[04-13_05:24:39:624] mbim_device_caps_query()
[04-13_05:24:39:656] DeviceId:     866758045439136
[04-13_05:24:39:656] FirmwareInfo: EC25EFAR06A11M4G
[04-13_05:24:39:656] HardwareInfo: QUECTEL Mobile Broadband Modul
[04-13_05:24:39:657] mbim_device_services_query()
[04-13_05:24:39:688] mbim_set_radio_state( 1 )
[04-13_05:24:39:721] HwRadioState: 1, SwRadioState: 1
[04-13_05:24:39:721] mbim_subscriber_status_query()
[04-13_05:24:39:784] SubscriberId: 460028563800461
[04-13_05:24:39:784] SimIccId:     89860015120716380461
[04-13_05:24:39:785] SubscriberReadyState NotInitialized -> Initialized 
[04-13_05:24:39:785] mbim_register_state_query()
[04-13_05:24:39:816] RegisterState Unknown -> Home 
[04-13_05:24:39:816] mbim_packet_service_query()
[04-13_05:24:39:848] PacketServiceState Unknown -> Attached 
[04-13_05:24:39:848] mbim_query_connect(sessionID=0)
[04-13_05:24:39:880] ActivationState Unknown -> Deactivated 
[04-13_05:24:39:881] ifconfig wwan0 0.0.0.0
[04-13_05:24:39:899] ifconfig wwan0 down
[04-13_05:24:39:913] mbim_set_connect(onoff=1, sessionID=0)
[04-13_05:24:39:976] ActivationState Deactivated -> Activated 
[04-13_05:24:39:977] mbim_ip_config(sessionID=0)
[04-13_05:24:40:008] < SessionId = 0
[04-13_05:24:40:008] < IPv4ConfigurationAvailable = 0xf
[04-13_05:24:40:008] < IPv6ConfigurationAvailable = 0x0
[04-13_05:24:40:008] < IPv4AddressCount = 0x1
[04-13_05:24:40:008] < IPv4AddressOffset = 0x3c
[04-13_05:24:40:009] < IPv6AddressCount = 0x0
[04-13_05:24:40:009] < IPv6AddressOffset = 0x0
[04-13_05:24:40:009] < IPv4 = 10.129.90.29/30
[04-13_05:24:40:009] < gw = 10.129.90.30
[04-13_05:24:40:009] < dns1 = 211.138.180.2
[04-13_05:24:40:009  < dns2 = 211.138.180.3
[04-13_05:24:40:009] < ipv4 mtu = 1500
[04-13_05:24:40:041] ifconfig wwan0 up
[04-13_05:24:40:063] ip -4 address flush dev wwan0
[04-13_05:24:40:073] ip -4 address add 10.129.90.29/30 dev wwan0
[04-13_05:24:40:084] ip -4 route add default via 10.129.90.30 dev wwan0

root@ZhuoTK:/# ifconfig wwan0
wwan0     Link encap:Ethernet  HWaddr A2:58:DC:4D:DD:CA  
          inet addr:10.129.90.29  Bcast:0.0.0.0  Mask:255.255.255.252
          inet6 addr: fe80::a058:dcff:fe4d:ddca/64 Scope:Link
          UP BROADCAST RUNNING NOARP MULTICAST  MTU:1500  Metric:1
          RX packets:0 errors:0 dropped:0 overruns:0 frame:0
          TX packets:5 errors:0 dropped:0 overruns:0 carrier:0
          collisions:0 txqueuelen:1000 
          RX bytes:0 (0.0 B)  TX bytes:380 (380.0 B)

root@ZhuoTK:/# ip ro show
default via 10.129.90.30 dev wwan0 
10.129.90.28/30 dev wwan0  proto kernel  scope link  src 10.129.90.29 
192.168.1.0/24 dev br-lan  proto kernel  scope link  src 192.168.1.251 

root@ZhuoTK:/# ping www.qq.com
PING www.qq.com (183.194.238.117): 56 data bytes
64 bytes from 183.194.238.117: seq=0 ttl=53 time=58.674 ms